    1: /*
    2:   Input a number and calculate its factorial.
    3: */
    4: int x, fac;
    5: main {
    6:     put("> ");
               A    B
    -A StringLiteral
    -B End of Statement

    7:     x = get(int);
                      AB
    -A Singular factor
    -B End of Statement

    8:     put("x = ");
               A      B
    -A StringLiteral
    -B End of Statement

    9:     put(x);
                AB
    -A Singular factor
    -B End of Statement

   10:     put("\n");
               A    B
    -A StringLiteral
    -B End of Statement

   11:     fac = 1;
                  A
    -A Singular factor
     | End of Statement

   12:     while (x > 0) {
                   AB  C
    -A Singular factor
    -B Boolean Operator
    -C Singular factor

   13:         fac = fac * x;
                        AB  C
    -A Singular factor
    -B Multiplicitive Operator
    -C Compound factor
     | End of Statement

   14:         x = x - 1;
                    AB  C
    -A Singular factor
    -B Additive Operator
    -C Singular factor
     | Compound rvalue
     | End of Statement

   15:     };
           AB
    -A End of Block
    -B End of Statement

   16:     put("factorial = ");
               A              B
    -A StringLiteral
    -B End of Statement

   17:     put(fac);
                  AB
    -A Singular factor
    -B End of Statement

   18:     put("\n");
               A    B
    -A StringLiteral
    -B End of Statement

   19: }
       AB
    -A End of Block
    -B COMPILATION SUCSESSFUL

